// 重构日志: fbd0244b
// 重构日志: 7bd490ac
// 重构日志: df730e0c
// 重构日志: 9c96794a
// 同步 ID: db4cd496 @ Thu Jul 23 07:11:46 UTC 2026
// 重构日志: 3fe9d943
// 同步 ID: 365dd21c @ Thu Jul 23 22:28:03 UTC 2026
// 重构日志: 4d89dab6
// 同步 ID: f76fc8de @ Sun Jul 26 07:20:17 UTC 2026
// 重构日志: 170d4156
// 重构日志: 61e185ab
// 重构日志: ad14ecaf
// 重构日志: 2113f2bd
// 同步 ID: 4b20990c @ Tue Jul 28 08:39:07 UTC 2026
// 重构日志: 72e54408
// 重构日志: 011f7945
// 重构日志: 17b73eea
// 同步 ID: a3255f2f @ Fri Jul 31 16:22:06 UTC 2026
// 同步 ID: d283197b @ Sat Aug  1 09:48:56 UTC 2026
// 重构日志: 3ae5d420
// 重构日志: 47884992
// 重构日志: e4acb835
// 重构日志: 0076efb1
// 同步 ID: 1df2dda4 @ Fri Aug  7 06:07:36 UTC 2026
// 同步 ID: 217f3e95 @ Fri Aug  7 08:18:05 UTC 2026
// 同步 ID: 6bc331fe @ Sat Aug  8 02:29:50 UTC 2026
